(map[string]int64)(map[string]int64{
	(string)("x"): (int64)(1),
	(string)("y"): (int64)(4),
	(string)("z"): (int64)(7),
})
([]int32)([]int32{
	(int32)(1),
	(int32)(5),
	(int32)(8),
})
(*string)(nil)
(interface{})(nil)
([]uint8)([]uint8{
	(uint8)(102),
	(uint8)(111),
	(uint8)(111),
	(uint8)(100),
	(uint8)(98),
	(uint8)(111),
	(uint8)(111),
	(uint8)(104),
	(uint8)(98),
	(uint8)(105),
	(uint8)(110),
	(uint8)(103),
	(uint8)(98),
	(uint8)(111),
	(uint8)(110),
	(uint8)(103),
	(uint8)(115),
	(uint8)(116),
	(uint8)(114),
	(uint8)(105),
	(uint8)(107),
	(uint8)(101),
	(uint8)(49),
	(uint8)(50),
	(uint8)(51),
})
(uintptr)(nil)
(uintptr)(0x7b)
(func())(0x2570)
(func(int, int) int)(0x25b0)
