(*ast.FuncDecl)(&ast.FuncDecl{
	Doc:  (*ast.CommentGroup)(nil),
	Recv: (*ast.FieldList)(nil),
	Name: (*ast.Ident)(&ast.Ident{
		NamePos: (token.Pos)(132),
		Name:    (string)("foo"),
		Obj: (*ast.Object)(&ast.Object{
			Kind: (ast.ObjKind)(5),
			Name: (string)("foo"),
			Decl: (*ast.FuncDecl)(already_shown),
			Data: (interface{})(nil),
			Type: (interface{})(nil),
		}),
	}),
	Type: (*ast.FuncType)(&ast.FuncType{
		Func: (token.Pos)(127),
		Params: (*ast.FieldList)(&ast.FieldList{
			Opening: (token.Pos)(135),
			List: ([]*ast.Field)([]*ast.Field{
				(*ast.Field)(&ast.Field{
					Doc: (*ast.CommentGroup)(nil),
					Names: ([]*ast.Ident)([]*ast.Ident{
						(*ast.Ident)(&ast.Ident{
							NamePos: (token.Pos)(136),
							Name:    (string)("bar"),
							Obj: (*ast.Object)(&ast.Object{
								Kind: (ast.ObjKind)(4),
								Name: (string)("bar"),
								Decl: (*ast.Field)(already_shown),
								Data: (interface{})(nil),
								Type: (interface{})(nil),
							}),
						}),
					}),
					Type: (*ast.Ident)(&ast.Ident{
						NamePos: (token.Pos)(140),
						Name:    (string)("int"),
						Obj:     (*ast.Object)(nil),
					}),
					Tag:     (*ast.BasicLit)(nil),
					Comment: (*ast.CommentGroup)(nil),
				}),
			}),
			Closing: (token.Pos)(143),
		}),
		Results: (*ast.FieldList)(&ast.FieldList{
			Opening: (token.Pos)(0),
			List: ([]*ast.Field)([]*ast.Field{
				(*ast.Field)(&ast.Field{
					Doc:   (*ast.CommentGroup)(nil),
					Names: ([]*ast.Ident)([]*ast.Ident{}),
					Type: (*ast.Ident)(&ast.Ident{
						NamePos: (token.Pos)(145),
						Name:    (string)("int"),
						Obj:     (*ast.Object)(nil),
					}),
					Tag:     (*ast.BasicLit)(nil),
					Comment: (*ast.CommentGroup)(nil),
				}),
			}),
			Closing: (token.Pos)(0),
		}),
	}),
	Body: (*ast.BlockStmt)(&ast.BlockStmt{
		Lbrace: (token.Pos)(149),
		List: ([]ast.Stmt)([]ast.Stmt{
			(*ast.ReturnStmt)(&ast.ReturnStmt{
				Return: (token.Pos)(151),
				Results: ([]ast.Expr)([]ast.Expr{
					(*ast.BinaryExpr)(&ast.BinaryExpr{
						X: (*ast.Ident)(&ast.Ident{
							NamePos: (token.Pos)(158),
							Name:    (string)("bar"),
							Obj: (*ast.Object)(&ast.Object{
								Kind: (ast.ObjKind)(4),
								Name: (string)("bar"),
								Decl: (*ast.Field)(&ast.Field{
									Doc: (*ast.CommentGroup)(nil),
									Names: ([]*ast.Ident)([]*ast.Ident{
										(*ast.Ident)(&ast.Ident{
											NamePos: (token.Pos)(136),
											Name:    (string)("bar"),
											Obj:     (*ast.Object)(already_shown),
										}),
									}),
									Type: (*ast.Ident)(&ast.Ident{
										NamePos: (token.Pos)(140),
										Name:    (string)("int"),
										Obj:     (*ast.Object)(nil),
									}),
									Tag:     (*ast.BasicLit)(nil),
									Comment: (*ast.CommentGroup)(nil),
								}),
								Data: (interface{})(nil),
								Type: (interface{})(nil),
							}),
						}),
						OpPos: (token.Pos)(162),
						Op:    (token.Token)(14),
						Y: (*ast.BasicLit)(&ast.BasicLit{
							ValuePos: (token.Pos)(164),
							Kind:     (token.Token)(5),
							Value:    (string)("2"),
						}),
					}),
				}),
			}),
		}),
		Rbrace: (token.Pos)(166),
	}),
})
